[      89ms] [ERROR] Failed to load resource: the server responded with a status of 404 (Not Found) @ http://shop.test/collections/products/classic-cotton-t-shirt.jpg:0
[      89ms] [ERROR] Failed to load resource: the server responded with a status of 404 (Not Found) @ http://shop.test/collections/products/organic-cotton-hoodie.jpg:0
[      92ms] [ERROR] Failed to load resource: the server responded with a status of 404 (Not Found) @ http://shop.test/collections/products/cotton-polo-shirt.jpg:0
[     103ms] [ERROR] Failed to load resource: the server responded with a status of 404 (Not Found) @ http://shop.test/collections/products/relaxed-fit-t-shirt.jpg:0
[  364099ms] [ERROR] Failed to load resource: the server responded with a status of 404 (Not Found) @ http://shop.test/collections/products/classic-cotton-t-shirt.jpg:0
[  364100ms] [ERROR] Failed to load resource: the server responded with a status of 404 (Not Found) @ http://shop.test/collections/products/organic-cotton-hoodie.jpg:0
[  364103ms] [ERROR] Failed to load resource: the server responded with a status of 404 (Not Found) @ http://shop.test/collections/products/relaxed-fit-t-shirt.jpg:0
[  364111ms] [ERROR] Failed to load resource: the server responded with a status of 404 (Not Found) @ http://shop.test/collections/products/cotton-polo-shirt.jpg:0
[  381484ms] [ERROR] Failed to load resource: the server responded with a status of 404 (Not Found) @ http://shop.test/collections/products/relaxed-fit-t-shirt.jpg:0
[  381485ms] [ERROR] Failed to load resource: the server responded with a status of 404 (Not Found) @ http://shop.test/collections/products/classic-cotton-t-shirt.jpg:0
[  381487ms] [ERROR] Failed to load resource: the server responded with a status of 404 (Not Found) @ http://shop.test/collections/products/cotton-polo-shirt.jpg:0
[  381495ms] [ERROR] Failed to load resource: the server responded with a status of 404 (Not Found) @ http://shop.test/collections/products/organic-cotton-hoodie.jpg:0
[  388382ms] [ERROR] Failed to load resource: the server responded with a status of 404 (Not Found) @ http://shop.test/collections/products/classic-cotton-t-shirt.jpg:0
[  388384ms] [ERROR] Failed to load resource: the server responded with a status of 404 (Not Found) @ http://shop.test/collections/products/organic-cotton-hoodie.jpg:0
[  388384ms] [ERROR] Failed to load resource: the server responded with a status of 404 (Not Found) @ http://shop.test/collections/products/relaxed-fit-t-shirt.jpg:0
[  388390ms] [ERROR] Failed to load resource: the server responded with a status of 404 (Not Found) @ http://shop.test/collections/products/cotton-polo-shirt.jpg:0
[  403989ms] [ERROR] Failed to load resource: the server responded with a status of 404 (Not Found) @ http://shop.test/collections/products/classic-cotton-t-shirt.jpg:0
[  403989ms] [ERROR] Failed to load resource: the server responded with a status of 404 (Not Found) @ http://shop.test/collections/products/relaxed-fit-t-shirt.jpg:0
[  403989ms] [ERROR] Failed to load resource: the server responded with a status of 404 (Not Found) @ http://shop.test/collections/products/organic-cotton-hoodie.jpg:0
[  403998ms] [ERROR] Failed to load resource: the server responded with a status of 404 (Not Found) @ http://shop.test/collections/products/cotton-polo-shirt.jpg:0
[  425117ms] [ERROR] Failed to load resource: the server responded with a status of 404 (Not Found) @ http://shop.test/collections/products/cotton-polo-shirt.jpg:0
[  425120ms] [ERROR] Failed to load resource: the server responded with a status of 404 (Not Found) @ http://shop.test/collections/products/classic-cotton-t-shirt.jpg:0
[  425126ms] [ERROR] Failed to load resource: the server responded with a status of 404 (Not Found) @ http://shop.test/collections/products/relaxed-fit-t-shirt.jpg:0
[  425129ms] [ERROR] Failed to load resource: the server responded with a status of 404 (Not Found) @ http://shop.test/collections/products/organic-cotton-hoodie.jpg:0
[  430877ms] [ERROR] Failed to load resource: the server responded with a status of 404 (Not Found) @ http://shop.test/collections/products/cotton-polo-shirt.jpg:0
[  430878ms] [ERROR] Failed to load resource: the server responded with a status of 404 (Not Found) @ http://shop.test/collections/products/classic-cotton-t-shirt.jpg:0
[  430881ms] [ERROR] Failed to load resource: the server responded with a status of 404 (Not Found) @ http://shop.test/collections/products/organic-cotton-hoodie.jpg:0
[  430887ms] [ERROR] Failed to load resource: the server responded with a status of 404 (Not Found) @ http://shop.test/collections/products/relaxed-fit-t-shirt.jpg:0
[  434006ms] [ERROR] Failed to load resource: the server responded with a status of 404 (Not Found) @ http://shop.test/collections/products/organic-cotton-hoodie.jpg:0
[  434009ms] [ERROR] Failed to load resource: the server responded with a status of 404 (Not Found) @ http://shop.test/collections/products/cotton-polo-shirt.jpg:0
[  434010ms] [ERROR] Failed to load resource: the server responded with a status of 404 (Not Found) @ http://shop.test/collections/products/classic-cotton-t-shirt.jpg:0
[  434029ms] [ERROR] Failed to load resource: the server responded with a status of 404 (Not Found) @ http://shop.test/collections/products/relaxed-fit-t-shirt.jpg:0
[  442738ms] [ERROR] Failed to load resource: the server responded with a status of 404 (Not Found) @ http://shop.test/collections/products/classic-cotton-t-shirt.jpg:0
[  442739ms] [ERROR] Failed to load resource: the server responded with a status of 404 (Not Found) @ http://shop.test/collections/products/relaxed-fit-t-shirt.jpg:0
[  442748ms] [ERROR] Failed to load resource: the server responded with a status of 404 (Not Found) @ http://shop.test/collections/products/cotton-polo-shirt.jpg:0
[  442752ms] [ERROR] Failed to load resource: the server responded with a status of 404 (Not Found) @ http://shop.test/collections/products/organic-cotton-hoodie.jpg:0
[  498953ms] [ERROR] Failed to load resource: the server responded with a status of 404 (Not Found) @ http://shop.test/collections/products/classic-cotton-t-shirt.jpg:0
[  498953ms] [ERROR] Failed to load resource: the server responded with a status of 404 (Not Found) @ http://shop.test/collections/products/relaxed-fit-t-shirt.jpg:0
[  498959ms] [ERROR] Failed to load resource: the server responded with a status of 404 (Not Found) @ http://shop.test/collections/products/organic-cotton-hoodie.jpg:0
[  498968ms] [ERROR] Failed to load resource: the server responded with a status of 404 (Not Found) @ http://shop.test/collections/products/cotton-polo-shirt.jpg:0
